// Jest Snapshot v1, https://goo.gl/fbAQLP

exports[`JFrog Arrifactory should collect data 1`] = `
Object {
  "collectedEntities": Array [
    Object {
      "_class": Array [
        "Account",
      ],
      "_key": "artifactory_account:viragsf@gmail.com",
      "_rawData": Array [
        Object {
          "name": "default",
          "rawData": Object {
            "admin": true,
            "disableUIAccess": false,
            "email": "viragsf@gmail.com",
            "groups": Array [
              "readers",
            ],
            "internalPasswordDisabled": false,
            "lastLoggedIn": "2020-08-24T13:03:10.075Z",
            "lastLoggedInMillis": 0,
            "mfaStatus": "NONE",
            "name": "viragsf@gmail.com",
            "offlineMode": false,
            "policyManager": false,
            "profileUpdatable": true,
            "realm": "internal",
            "reportsManager": false,
            "watchManager": false,
          },
        },
      ],
      "_type": "artifactory_account",
      "createdOn": undefined,
      "disableUIAccess": false,
      "displayName": "viragsf@gmail.com",
      "email": "viragsf@gmail.com",
      "internalPasswordDisable": false,
      "mfaStatus": false,
      "name": "viragsf@gmail.com",
      "policyManager": false,
      "profileUpdatable": true,
      "realm": "internal",
      "reportsManager": false,
      "username": "viragsf@gmail.com",
      "watchManager": false,
      "webLink": undefined,
    },
    Object {
      "_class": Array [
        "UserGroup",
      ],
      "_key": "artifactory_group:new-empty-group",
      "_rawData": Array [
        Object {
          "name": "default",
          "rawData": Object {
            "adminPrivileges": false,
            "autoJoin": false,
            "name": "new-empty-group",
            "policyManager": false,
            "realm": "internal",
            "reportsManager": false,
            "watchManager": false,
          },
        },
      ],
      "_type": "artifactory_group",
      "adminPrivileges": false,
      "autoJoin": false,
      "createdOn": undefined,
      "description": undefined,
      "displayName": "new-empty-group",
      "name": "new-empty-group",
      "policyManager": false,
      "realm": "internal",
      "realmAttributes": undefined,
      "reportsManager": false,
      "watchManager": false,
      "webLink": undefined,
    },
    Object {
      "_class": Array [
        "UserGroup",
      ],
      "_key": "artifactory_group:readers",
      "_rawData": Array [
        Object {
          "name": "default",
          "rawData": Object {
            "adminPrivileges": false,
            "autoJoin": true,
            "description": "A group for read-only users",
            "name": "readers",
            "policyManager": false,
            "realm": "internal",
            "reportsManager": false,
            "watchManager": false,
          },
        },
      ],
      "_type": "artifactory_group",
      "adminPrivileges": false,
      "autoJoin": true,
      "createdOn": undefined,
      "description": "A group for read-only users",
      "displayName": "readers",
      "name": "readers",
      "policyManager": false,
      "realm": "internal",
      "realmAttributes": undefined,
      "reportsManager": false,
      "watchManager": false,
      "webLink": undefined,
    },
    Object {
      "_class": Array [
        "User",
      ],
      "_key": "artifactory_user:nick",
      "_rawData": Array [
        Object {
          "name": "default",
          "rawData": Object {
            "admin": true,
            "disableUIAccess": false,
            "email": "stefan.job@gmail.com",
            "groups": Array [
              "readers",
            ],
            "internalPasswordDisabled": false,
            "lastLoggedInMillis": 0,
            "mfaStatus": "NONE",
            "name": "nick",
            "offlineMode": false,
            "policyManager": false,
            "profileUpdatable": true,
            "realm": "internal",
            "reportsManager": false,
            "watchManager": false,
          },
        },
      ],
      "_type": "artifactory_user",
      "createdOn": undefined,
      "disableUIAccess": false,
      "displayName": "nick",
      "email": "stefan.job@gmail.com",
      "internalPasswordDisable": false,
      "mfaStatus": false,
      "name": "nick",
      "policyManager": false,
      "profileUpdatable": true,
      "realm": "internal",
      "reportsManager": false,
      "username": "nick",
      "watchManager": false,
      "webLink": undefined,
    },
    Object {
      "_class": Array [
        "User",
      ],
      "_key": "artifactory_user:xray",
      "_rawData": Array [
        Object {
          "name": "default",
          "rawData": Object {
            "admin": true,
            "disableUIAccess": true,
            "internalPasswordDisabled": false,
            "lastLoggedInMillis": 0,
            "mfaStatus": "NONE",
            "name": "xray",
            "offlineMode": false,
            "policyManager": false,
            "profileUpdatable": false,
            "realm": "internal",
            "reportsManager": false,
            "watchManager": false,
          },
        },
      ],
      "_type": "artifactory_user",
      "createdOn": undefined,
      "disableUIAccess": true,
      "displayName": "xray",
      "email": undefined,
      "internalPasswordDisable": false,
      "mfaStatus": false,
      "name": "xray",
      "policyManager": false,
      "profileUpdatable": false,
      "realm": "internal",
      "reportsManager": false,
      "username": "xray",
      "watchManager": false,
      "webLink": undefined,
    },
    Object {
      "_class": Array [
        "User",
      ],
      "_key": "artifactory_user:anonymous",
      "_rawData": Array [
        Object {
          "name": "default",
          "rawData": Object {
            "admin": false,
            "disableUIAccess": false,
            "internalPasswordDisabled": false,
            "lastLoggedInMillis": 0,
            "mfaStatus": "NONE",
            "name": "anonymous",
            "offlineMode": false,
            "policyManager": false,
            "profileUpdatable": false,
            "realm": "internal",
            "reportsManager": false,
            "watchManager": false,
          },
        },
      ],
      "_type": "artifactory_user",
      "createdOn": undefined,
      "disableUIAccess": false,
      "displayName": "anonymous",
      "email": undefined,
      "internalPasswordDisable": false,
      "mfaStatus": false,
      "name": "anonymous",
      "policyManager": false,
      "profileUpdatable": false,
      "realm": "internal",
      "reportsManager": false,
      "username": "anonymous",
      "watchManager": false,
      "webLink": undefined,
    },
    Object {
      "_class": Array [
        "User",
      ],
      "_key": "artifactory_user:viragsf@gmail.com",
      "_rawData": Array [
        Object {
          "name": "default",
          "rawData": Object {
            "admin": true,
            "disableUIAccess": false,
            "email": "viragsf@gmail.com",
            "groups": Array [
              "readers",
            ],
            "internalPasswordDisabled": false,
            "lastLoggedIn": "2020-08-24T13:03:10.075Z",
            "lastLoggedInMillis": 0,
            "mfaStatus": "NONE",
            "name": "viragsf@gmail.com",
            "offlineMode": false,
            "policyManager": false,
            "profileUpdatable": true,
            "realm": "internal",
            "reportsManager": false,
            "watchManager": false,
          },
        },
      ],
      "_type": "artifactory_user",
      "createdOn": undefined,
      "disableUIAccess": false,
      "displayName": "viragsf@gmail.com",
      "email": "viragsf@gmail.com",
      "internalPasswordDisable": false,
      "mfaStatus": false,
      "name": "viragsf@gmail.com",
      "policyManager": false,
      "profileUpdatable": true,
      "realm": "internal",
      "reportsManager": false,
      "username": "viragsf@gmail.com",
      "watchManager": false,
      "webLink": undefined,
    },
  ],
  "collectedRelationships": Array [
    Object {
      "_class": "HAS",
      "_fromEntityKey": "artifactory_account:viragsf@gmail.com",
      "_key": "artifactory_account:viragsf@gmail.com|has|artifactory_group:new-empty-group",
      "_toEntityKey": "artifactory_group:new-empty-group",
      "_type": "artifactory_account_has_group",
      "displayName": "HAS",
    },
    Object {
      "_class": "HAS",
      "_fromEntityKey": "artifactory_account:viragsf@gmail.com",
      "_key": "artifactory_account:viragsf@gmail.com|has|artifactory_group:readers",
      "_toEntityKey": "artifactory_group:readers",
      "_type": "artifactory_account_has_group",
      "displayName": "HAS",
    },
    Object {
      "_class": "HAS",
      "_fromEntityKey": "artifactory_group:readers",
      "_key": "artifactory_group:readers|has|artifactory_user:nick",
      "_toEntityKey": "artifactory_user:nick",
      "_type": "artifactory_group_has_user",
      "displayName": "HAS",
    },
    Object {
      "_class": "HAS",
      "_fromEntityKey": "artifactory_account:viragsf@gmail.com",
      "_key": "artifactory_account:viragsf@gmail.com|has|artifactory_user:nick",
      "_toEntityKey": "artifactory_user:nick",
      "_type": "artifactory_account_has_user",
      "displayName": "HAS",
    },
    Object {
      "_class": "HAS",
      "_fromEntityKey": "artifactory_account:viragsf@gmail.com",
      "_key": "artifactory_account:viragsf@gmail.com|has|artifactory_user:xray",
      "_toEntityKey": "artifactory_user:xray",
      "_type": "artifactory_account_has_user",
      "displayName": "HAS",
    },
    Object {
      "_class": "HAS",
      "_fromEntityKey": "artifactory_account:viragsf@gmail.com",
      "_key": "artifactory_account:viragsf@gmail.com|has|artifactory_user:anonymous",
      "_toEntityKey": "artifactory_user:anonymous",
      "_type": "artifactory_account_has_user",
      "displayName": "HAS",
    },
    Object {
      "_class": "HAS",
      "_fromEntityKey": "artifactory_group:readers",
      "_key": "artifactory_group:readers|has|artifactory_user:viragsf@gmail.com",
      "_toEntityKey": "artifactory_user:viragsf@gmail.com",
      "_type": "artifactory_group_has_user",
      "displayName": "HAS",
    },
    Object {
      "_class": "HAS",
      "_fromEntityKey": "artifactory_account:viragsf@gmail.com",
      "_key": "artifactory_account:viragsf@gmail.com|has|artifactory_user:viragsf@gmail.com",
      "_toEntityKey": "artifactory_user:viragsf@gmail.com",
      "_type": "artifactory_account_has_user",
      "displayName": "HAS",
    },
  ],
  "encounteredTypes": Array [
    "artifactory_account",
    "artifactory_group",
    "artifactory_account_has_group",
    "artifactory_group_has_user",
    "artifactory_user",
    "artifactory_account_has_user",
  ],
  "numCollectedEntities": 7,
  "numCollectedRelationships": 8,
}
`;
