// Jest Snapshot v1, https://goo.gl/fbAQLP

exports[`JFrog Arrifactory should collect data 1`] = `
Object {
  "collectedEntities": Array [
    Object {
      "_class": Array [
        "Account",
      ],
      "_key": "artifactory_account:acmonta2@ncsu.edu",
      "_rawData": Array [
        Object {
          "name": "default",
          "rawData": Object {
            "admin": true,
            "disableUIAccess": false,
            "email": "acmonta2@ncsu.edu",
            "groups": Array [
              "readers",
            ],
            "internalPasswordDisabled": false,
            "lastLoggedIn": "2021-07-30T13:30:35.520Z",
            "lastLoggedInMillis": 0,
            "mfaStatus": "NONE",
            "name": "acmonta2@ncsu.edu",
            "offlineMode": false,
            "policyManager": false,
            "profileUpdatable": true,
            "realm": "internal",
            "reportsManager": false,
            "status": "ENABLED",
            "watchManager": false,
          },
        },
      ],
      "_type": "artifactory_account",
      "active": true,
      "createdOn": undefined,
      "disableUIAccess": false,
      "displayName": "acmonta2@ncsu.edu",
      "email": "acmonta2@ncsu.edu",
      "internalPasswordDisable": false,
      "mfaStatus": false,
      "name": "acmonta2@ncsu.edu",
      "policyManager": false,
      "profileUpdatable": true,
      "realm": "internal",
      "reportsManager": false,
      "status": "ENABLED",
      "username": "acmonta2@ncsu.edu",
      "watchManager": false,
      "webLink": undefined,
    },
    Object {
      "_class": Array [
        "UserGroup",
      ],
      "_key": "artifactory_group:readers",
      "_rawData": Array [
        Object {
          "name": "default",
          "rawData": Object {
            "adminPrivileges": false,
            "autoJoin": true,
            "description": "A group for read-only users",
            "name": "readers",
            "policyManager": false,
            "realm": "internal",
            "reportsManager": false,
            "watchManager": false,
          },
        },
      ],
      "_type": "artifactory_group",
      "adminPrivileges": false,
      "autoJoin": true,
      "createdOn": undefined,
      "description": "A group for read-only users",
      "displayName": "readers",
      "name": "readers",
      "policyManager": false,
      "realm": "internal",
      "realmAttributes": undefined,
      "reportsManager": false,
      "watchManager": false,
      "webLink": undefined,
    },
    Object {
      "_class": Array [
        "User",
      ],
      "_key": "artifactory_user:acmonta2@ncsu.edu",
      "_rawData": Array [
        Object {
          "name": "default",
          "rawData": Object {
            "admin": true,
            "disableUIAccess": false,
            "email": "acmonta2@ncsu.edu",
            "groups": Array [
              "readers",
            ],
            "internalPasswordDisabled": false,
            "lastLoggedIn": "2021-07-30T13:30:35.520Z",
            "lastLoggedInMillis": 0,
            "mfaStatus": "NONE",
            "name": "acmonta2@ncsu.edu",
            "offlineMode": false,
            "policyManager": false,
            "profileUpdatable": true,
            "realm": "internal",
            "reportsManager": false,
            "status": "ENABLED",
            "watchManager": false,
          },
        },
      ],
      "_type": "artifactory_user",
      "active": true,
      "createdOn": undefined,
      "disableUIAccess": false,
      "displayName": "acmonta2@ncsu.edu",
      "email": "acmonta2@ncsu.edu",
      "internalPasswordDisable": false,
      "mfaStatus": false,
      "name": "acmonta2@ncsu.edu",
      "policyManager": false,
      "profileUpdatable": true,
      "realm": "internal",
      "reportsManager": false,
      "status": "ENABLED",
      "username": "acmonta2@ncsu.edu",
      "watchManager": false,
      "webLink": undefined,
    },
    Object {
      "_class": Array [
        "User",
      ],
      "_key": "artifactory_user:anonymous",
      "_rawData": Array [
        Object {
          "name": "default",
          "rawData": Object {
            "admin": false,
            "disableUIAccess": false,
            "internalPasswordDisabled": false,
            "lastLoggedInMillis": 0,
            "mfaStatus": "NONE",
            "name": "anonymous",
            "offlineMode": false,
            "policyManager": false,
            "profileUpdatable": false,
            "realm": "internal",
            "reportsManager": false,
            "status": "ENABLED",
            "watchManager": false,
          },
        },
      ],
      "_type": "artifactory_user",
      "active": true,
      "createdOn": undefined,
      "disableUIAccess": false,
      "displayName": "anonymous",
      "email": undefined,
      "internalPasswordDisable": false,
      "mfaStatus": false,
      "name": "anonymous",
      "policyManager": false,
      "profileUpdatable": false,
      "realm": "internal",
      "reportsManager": false,
      "status": "ENABLED",
      "username": "anonymous",
      "watchManager": false,
      "webLink": undefined,
    },
    Object {
      "_class": Array [
        "Key",
        "AccessKey",
      ],
      "_key": "artifactory_api_token:dc712842-a284-4f0a-b31b-2da706dd7d5b",
      "_rawData": Array [
        Object {
          "name": "default",
          "rawData": Object {
            "issued_at": 1627613843,
            "issuer": "jfrt@01fbtngfk1px7x0r4qh1bm010y/users/_system_",
            "refreshable": false,
            "subject": "jfrt@01fbtngfk1px7x0r4qh1bm010y/users/_system_",
            "token_id": "dc712842-a284-4f0a-b31b-2da706dd7d5b",
          },
        },
      ],
      "_type": "artifactory_access_token",
      "createdOn": undefined,
      "displayName": "dc712842-a284-4f0a-b31b-2da706dd7d5b",
      "name": "dc712842-a284-4f0a-b31b-2da706dd7d5b",
    },
    Object {
      "_class": Array [
        "Repository",
      ],
      "_key": "artifactory_repository:default-docker-local",
      "_rawData": Array [
        Object {
          "name": "default",
          "rawData": Object {
            "description": "",
            "key": "default-docker-local",
            "packageType": "Docker",
            "type": "LOCAL",
            "url": "https://dreetz.jfrog.io/artifactory/default-docker-local",
          },
        },
      ],
      "_type": "artifactory_repository",
      "createdOn": undefined,
      "description": "",
      "displayName": "default-docker-local",
      "name": "default-docker-local",
      "packageType": "Docker",
      "type": "LOCAL",
      "webLink": "https://dreetz.jfrog.io/artifactory/default-docker-local",
    },
    Object {
      "_class": Array [
        "Repository",
      ],
      "_key": "artifactory_repository:default-generic-local",
      "_rawData": Array [
        Object {
          "name": "default",
          "rawData": Object {
            "description": "",
            "key": "default-generic-local",
            "packageType": "Generic",
            "type": "LOCAL",
            "url": "https://dreetz.jfrog.io/artifactory/default-generic-local",
          },
        },
      ],
      "_type": "artifactory_repository",
      "createdOn": undefined,
      "description": "",
      "displayName": "default-generic-local",
      "name": "default-generic-local",
      "packageType": "Generic",
      "type": "LOCAL",
      "webLink": "https://dreetz.jfrog.io/artifactory/default-generic-local",
    },
    Object {
      "_class": Array [
        "Repository",
      ],
      "_key": "artifactory_repository:default-maven-local",
      "_rawData": Array [
        Object {
          "name": "default",
          "rawData": Object {
            "description": "",
            "key": "default-maven-local",
            "packageType": "Maven",
            "type": "LOCAL",
            "url": "https://dreetz.jfrog.io/artifactory/default-maven-local",
          },
        },
      ],
      "_type": "artifactory_repository",
      "createdOn": undefined,
      "description": "",
      "displayName": "default-maven-local",
      "name": "default-maven-local",
      "packageType": "Maven",
      "type": "LOCAL",
      "webLink": "https://dreetz.jfrog.io/artifactory/default-maven-local",
    },
    Object {
      "_class": Array [
        "Repository",
      ],
      "_key": "artifactory_repository:default-npm-local",
      "_rawData": Array [
        Object {
          "name": "default",
          "rawData": Object {
            "description": "",
            "key": "default-npm-local",
            "packageType": "Npm",
            "type": "LOCAL",
            "url": "https://dreetz.jfrog.io/artifactory/default-npm-local",
          },
        },
      ],
      "_type": "artifactory_repository",
      "createdOn": undefined,
      "description": "",
      "displayName": "default-npm-local",
      "name": "default-npm-local",
      "packageType": "Npm",
      "type": "LOCAL",
      "webLink": "https://dreetz.jfrog.io/artifactory/default-npm-local",
    },
    Object {
      "_class": Array [
        "Repository",
      ],
      "_key": "artifactory_repository:example-repo-local",
      "_rawData": Array [
        Object {
          "name": "default",
          "rawData": Object {
            "description": "Example artifactory repository",
            "key": "example-repo-local",
            "packageType": "Generic",
            "type": "LOCAL",
            "url": "https://dreetz.jfrog.io/artifactory/example-repo-local",
          },
        },
      ],
      "_type": "artifactory_repository",
      "createdOn": undefined,
      "description": "Example artifactory repository",
      "displayName": "example-repo-local",
      "name": "example-repo-local",
      "packageType": "Generic",
      "type": "LOCAL",
      "webLink": "https://dreetz.jfrog.io/artifactory/example-repo-local",
    },
    Object {
      "_class": Array [
        "Repository",
      ],
      "_key": "artifactory_repository:default-docker-remote",
      "_rawData": Array [
        Object {
          "name": "default",
          "rawData": Object {
            "description": " (local file cache)",
            "key": "default-docker-remote",
            "packageType": "Docker",
            "type": "REMOTE",
            "url": "https://registry-1.docker.io",
          },
        },
      ],
      "_type": "artifactory_repository",
      "createdOn": undefined,
      "description": " (local file cache)",
      "displayName": "default-docker-remote",
      "name": "default-docker-remote",
      "packageType": "Docker",
      "type": "REMOTE",
      "webLink": "https://registry-1.docker.io",
    },
    Object {
      "_class": Array [
        "Repository",
      ],
      "_key": "artifactory_repository:default-maven-remote",
      "_rawData": Array [
        Object {
          "name": "default",
          "rawData": Object {
            "description": " (local file cache)",
            "key": "default-maven-remote",
            "packageType": "Maven",
            "type": "REMOTE",
            "url": "https://jcenter.bintray.com",
          },
        },
      ],
      "_type": "artifactory_repository",
      "createdOn": undefined,
      "description": " (local file cache)",
      "displayName": "default-maven-remote",
      "name": "default-maven-remote",
      "packageType": "Maven",
      "type": "REMOTE",
      "webLink": "https://jcenter.bintray.com",
    },
    Object {
      "_class": Array [
        "Repository",
      ],
      "_key": "artifactory_repository:default-npm-remote",
      "_rawData": Array [
        Object {
          "name": "default",
          "rawData": Object {
            "description": " (local file cache)",
            "key": "default-npm-remote",
            "packageType": "Npm",
            "type": "REMOTE",
            "url": "https://registry.npmjs.org",
          },
        },
      ],
      "_type": "artifactory_repository",
      "createdOn": undefined,
      "description": " (local file cache)",
      "displayName": "default-npm-remote",
      "name": "default-npm-remote",
      "packageType": "Npm",
      "type": "REMOTE",
      "webLink": "https://registry.npmjs.org",
    },
    Object {
      "_class": Array [
        "Repository",
      ],
      "_key": "artifactory_repository:default-docker-virtual",
      "_rawData": Array [
        Object {
          "name": "default",
          "rawData": Object {
            "description": "",
            "key": "default-docker-virtual",
            "packageType": "Docker",
            "type": "VIRTUAL",
            "url": "https://dreetz.jfrog.io/artifactory/default-docker-virtual",
          },
        },
      ],
      "_type": "artifactory_repository",
      "createdOn": undefined,
      "description": "",
      "displayName": "default-docker-virtual",
      "name": "default-docker-virtual",
      "packageType": "Docker",
      "type": "VIRTUAL",
      "webLink": "https://dreetz.jfrog.io/artifactory/default-docker-virtual",
    },
    Object {
      "_class": Array [
        "Repository",
      ],
      "_key": "artifactory_repository:default-maven-virtual",
      "_rawData": Array [
        Object {
          "name": "default",
          "rawData": Object {
            "description": "",
            "key": "default-maven-virtual",
            "packageType": "Maven",
            "type": "VIRTUAL",
            "url": "https://dreetz.jfrog.io/artifactory/default-maven-virtual",
          },
        },
      ],
      "_type": "artifactory_repository",
      "createdOn": undefined,
      "description": "",
      "displayName": "default-maven-virtual",
      "name": "default-maven-virtual",
      "packageType": "Maven",
      "type": "VIRTUAL",
      "webLink": "https://dreetz.jfrog.io/artifactory/default-maven-virtual",
    },
    Object {
      "_class": Array [
        "Repository",
      ],
      "_key": "artifactory_repository:default-npm-virtual",
      "_rawData": Array [
        Object {
          "name": "default",
          "rawData": Object {
            "description": "",
            "key": "default-npm-virtual",
            "packageType": "Npm",
            "type": "VIRTUAL",
            "url": "https://dreetz.jfrog.io/artifactory/default-npm-virtual",
          },
        },
      ],
      "_type": "artifactory_repository",
      "createdOn": undefined,
      "description": "",
      "displayName": "default-npm-virtual",
      "name": "default-npm-virtual",
      "packageType": "Npm",
      "type": "VIRTUAL",
      "webLink": "https://dreetz.jfrog.io/artifactory/default-npm-virtual",
    },
    Object {
      "_class": Array [
        "AccessPolicy",
      ],
      "_key": "artifactory_permission:Any Remote",
      "_rawData": Array [
        Object {
          "name": "default",
          "rawData": Object {
            "name": "Any Remote",
            "repo": Object {
              "actions": Object {
                "users": Object {
                  "anonymous": Array [
                    "read",
                    "write",
                  ],
                },
              },
              "exclude-patterns": Array [],
              "include-patterns": Array [
                "**",
              ],
              "repositories": Array [
                "ANY REMOTE",
              ],
            },
          },
        },
      ],
      "_type": "artifactory_permission",
      "createdOn": undefined,
      "displayName": "Any Remote",
      "name": "Any Remote",
    },
    Object {
      "_class": Array [
        "AccessPolicy",
      ],
      "_key": "artifactory_permission:Anything",
      "_rawData": Array [
        Object {
          "name": "default",
          "rawData": Object {
            "build": Object {
              "actions": Object {
                "groups": Object {
                  "readers": Array [
                    "read",
                  ],
                },
                "users": Object {
                  "anonymous": Array [
                    "read",
                  ],
                },
              },
              "exclude-patterns": Array [],
              "include-patterns": Array [
                "**",
              ],
              "repositories": Array [
                "artifactory-build-info",
              ],
            },
            "name": "Anything",
            "repo": Object {
              "actions": Object {
                "groups": Object {
                  "readers": Array [
                    "read",
                  ],
                },
                "users": Object {
                  "anonymous": Array [
                    "read",
                  ],
                },
              },
              "exclude-patterns": Array [],
              "include-patterns": Array [
                "**",
              ],
              "repositories": Array [
                "ANY",
              ],
            },
          },
        },
      ],
      "_type": "artifactory_permission",
      "createdOn": undefined,
      "displayName": "Anything",
      "name": "Anything",
    },
    Object {
      "_class": Array [
        "Group",
      ],
      "_key": "artifactory_repository_group:ANY",
      "_rawData": Array [
        Object {
          "name": "default",
          "rawData": Object {
            "name": "ANY",
            "type": "ANY",
          },
        },
      ],
      "_type": "artifactory_repository_group",
      "createdOn": undefined,
      "displayName": "ANY",
      "name": "ANY",
      "type": "ANY",
    },
    Object {
      "_class": Array [
        "Group",
      ],
      "_key": "artifactory_repository_group:ANY LOCAL",
      "_rawData": Array [
        Object {
          "name": "default",
          "rawData": Object {
            "name": "ANY LOCAL",
            "type": "LOCAL",
          },
        },
      ],
      "_type": "artifactory_repository_group",
      "createdOn": undefined,
      "displayName": "ANY LOCAL",
      "name": "ANY LOCAL",
      "type": "LOCAL",
    },
    Object {
      "_class": Array [
        "Group",
      ],
      "_key": "artifactory_repository_group:ANY REMOTE",
      "_rawData": Array [
        Object {
          "name": "default",
          "rawData": Object {
            "name": "ANY REMOTE",
            "type": "REMOTE",
          },
        },
      ],
      "_type": "artifactory_repository_group",
      "createdOn": undefined,
      "displayName": "ANY REMOTE",
      "name": "ANY REMOTE",
      "type": "REMOTE",
    },
  ],
  "collectedRelationships": Array [
    Object {
      "_class": "HAS",
      "_fromEntityKey": "artifactory_account:acmonta2@ncsu.edu",
      "_key": "artifactory_account:acmonta2@ncsu.edu|has|artifactory_group:readers",
      "_toEntityKey": "artifactory_group:readers",
      "_type": "artifactory_account_has_group",
      "displayName": "HAS",
    },
    Object {
      "_class": "HAS",
      "_fromEntityKey": "artifactory_group:readers",
      "_key": "artifactory_group:readers|has|artifactory_user:acmonta2@ncsu.edu",
      "_toEntityKey": "artifactory_user:acmonta2@ncsu.edu",
      "_type": "artifactory_group_has_user",
      "displayName": "HAS",
    },
    Object {
      "_class": "HAS",
      "_fromEntityKey": "artifactory_account:acmonta2@ncsu.edu",
      "_key": "artifactory_account:acmonta2@ncsu.edu|has|artifactory_user:acmonta2@ncsu.edu",
      "_toEntityKey": "artifactory_user:acmonta2@ncsu.edu",
      "_type": "artifactory_account_has_user",
      "displayName": "HAS",
    },
    Object {
      "_class": "HAS",
      "_fromEntityKey": "artifactory_account:acmonta2@ncsu.edu",
      "_key": "artifactory_account:acmonta2@ncsu.edu|has|artifactory_user:anonymous",
      "_toEntityKey": "artifactory_user:anonymous",
      "_type": "artifactory_account_has_user",
      "displayName": "HAS",
    },
    Object {
      "_class": "HAS",
      "_fromEntityKey": "artifactory_account:acmonta2@ncsu.edu",
      "_key": "artifactory_account:acmonta2@ncsu.edu|has|artifactory_api_token:dc712842-a284-4f0a-b31b-2da706dd7d5b",
      "_toEntityKey": "artifactory_api_token:dc712842-a284-4f0a-b31b-2da706dd7d5b",
      "_type": "artifactory_account_has_access_token",
      "displayName": "HAS",
    },
    Object {
      "_class": "HAS",
      "_fromEntityKey": "artifactory_account:acmonta2@ncsu.edu",
      "_key": "artifactory_account:acmonta2@ncsu.edu|has|artifactory_repository:default-docker-local",
      "_toEntityKey": "artifactory_repository:default-docker-local",
      "_type": "artifactory_account_has_repository",
      "displayName": "HAS",
    },
    Object {
      "_class": "HAS",
      "_fromEntityKey": "artifactory_account:acmonta2@ncsu.edu",
      "_key": "artifactory_account:acmonta2@ncsu.edu|has|artifactory_repository:default-generic-local",
      "_toEntityKey": "artifactory_repository:default-generic-local",
      "_type": "artifactory_account_has_repository",
      "displayName": "HAS",
    },
    Object {
      "_class": "HAS",
      "_fromEntityKey": "artifactory_account:acmonta2@ncsu.edu",
      "_key": "artifactory_account:acmonta2@ncsu.edu|has|artifactory_repository:default-maven-local",
      "_toEntityKey": "artifactory_repository:default-maven-local",
      "_type": "artifactory_account_has_repository",
      "displayName": "HAS",
    },
    Object {
      "_class": "HAS",
      "_fromEntityKey": "artifactory_account:acmonta2@ncsu.edu",
      "_key": "artifactory_account:acmonta2@ncsu.edu|has|artifactory_repository:default-npm-local",
      "_toEntityKey": "artifactory_repository:default-npm-local",
      "_type": "artifactory_account_has_repository",
      "displayName": "HAS",
    },
    Object {
      "_class": "HAS",
      "_fromEntityKey": "artifactory_account:acmonta2@ncsu.edu",
      "_key": "artifactory_account:acmonta2@ncsu.edu|has|artifactory_repository:example-repo-local",
      "_toEntityKey": "artifactory_repository:example-repo-local",
      "_type": "artifactory_account_has_repository",
      "displayName": "HAS",
    },
    Object {
      "_class": "HAS",
      "_fromEntityKey": "artifactory_account:acmonta2@ncsu.edu",
      "_key": "artifactory_account:acmonta2@ncsu.edu|has|artifactory_repository:default-docker-remote",
      "_toEntityKey": "artifactory_repository:default-docker-remote",
      "_type": "artifactory_account_has_repository",
      "displayName": "HAS",
    },
    Object {
      "_class": "HAS",
      "_fromEntityKey": "artifactory_account:acmonta2@ncsu.edu",
      "_key": "artifactory_account:acmonta2@ncsu.edu|has|artifactory_repository:default-maven-remote",
      "_toEntityKey": "artifactory_repository:default-maven-remote",
      "_type": "artifactory_account_has_repository",
      "displayName": "HAS",
    },
    Object {
      "_class": "HAS",
      "_fromEntityKey": "artifactory_account:acmonta2@ncsu.edu",
      "_key": "artifactory_account:acmonta2@ncsu.edu|has|artifactory_repository:default-npm-remote",
      "_toEntityKey": "artifactory_repository:default-npm-remote",
      "_type": "artifactory_account_has_repository",
      "displayName": "HAS",
    },
    Object {
      "_class": "HAS",
      "_fromEntityKey": "artifactory_account:acmonta2@ncsu.edu",
      "_key": "artifactory_account:acmonta2@ncsu.edu|has|artifactory_repository:default-docker-virtual",
      "_toEntityKey": "artifactory_repository:default-docker-virtual",
      "_type": "artifactory_account_has_repository",
      "displayName": "HAS",
    },
    Object {
      "_class": "HAS",
      "_fromEntityKey": "artifactory_account:acmonta2@ncsu.edu",
      "_key": "artifactory_account:acmonta2@ncsu.edu|has|artifactory_repository:default-maven-virtual",
      "_toEntityKey": "artifactory_repository:default-maven-virtual",
      "_type": "artifactory_account_has_repository",
      "displayName": "HAS",
    },
    Object {
      "_class": "HAS",
      "_fromEntityKey": "artifactory_account:acmonta2@ncsu.edu",
      "_key": "artifactory_account:acmonta2@ncsu.edu|has|artifactory_repository:default-npm-virtual",
      "_toEntityKey": "artifactory_repository:default-npm-virtual",
      "_type": "artifactory_account_has_repository",
      "displayName": "HAS",
    },
    Object {
      "_class": "ASSIGNED",
      "_fromEntityKey": "artifactory_permission:Any Remote",
      "_key": "artifactory_permission:Any Remote|assigned|artifactory_user:anonymous",
      "_toEntityKey": "artifactory_user:anonymous",
      "_type": "artifactory_permission_assigned_user",
      "displayName": "ASSIGNED",
      "permission:repository:read": true,
      "permission:repository:write": true,
    },
    Object {
      "_class": "ALLOWS",
      "_fromEntityKey": "artifactory_permission:Any Remote",
      "_key": "artifactory_permission:Any Remote|allows|artifactory_repository:default-docker-local",
      "_toEntityKey": "artifactory_repository:default-docker-local",
      "_type": "artifactory_permission_allows_repository",
      "displayName": "ALLOWS",
    },
    Object {
      "_class": "ALLOWS",
      "_fromEntityKey": "artifactory_permission:Any Remote",
      "_key": "artifactory_permission:Any Remote|allows|artifactory_repository:default-generic-local",
      "_toEntityKey": "artifactory_repository:default-generic-local",
      "_type": "artifactory_permission_allows_repository",
      "displayName": "ALLOWS",
    },
    Object {
      "_class": "ALLOWS",
      "_fromEntityKey": "artifactory_permission:Any Remote",
      "_key": "artifactory_permission:Any Remote|allows|artifactory_repository:default-maven-local",
      "_toEntityKey": "artifactory_repository:default-maven-local",
      "_type": "artifactory_permission_allows_repository",
      "displayName": "ALLOWS",
    },
    Object {
      "_class": "ALLOWS",
      "_fromEntityKey": "artifactory_permission:Any Remote",
      "_key": "artifactory_permission:Any Remote|allows|artifactory_repository:default-npm-local",
      "_toEntityKey": "artifactory_repository:default-npm-local",
      "_type": "artifactory_permission_allows_repository",
      "displayName": "ALLOWS",
    },
    Object {
      "_class": "ALLOWS",
      "_fromEntityKey": "artifactory_permission:Any Remote",
      "_key": "artifactory_permission:Any Remote|allows|artifactory_repository:example-repo-local",
      "_toEntityKey": "artifactory_repository:example-repo-local",
      "_type": "artifactory_permission_allows_repository",
      "displayName": "ALLOWS",
    },
    Object {
      "_class": "ALLOWS",
      "_fromEntityKey": "artifactory_permission:Any Remote",
      "_key": "artifactory_permission:Any Remote|allows|artifactory_repository:default-docker-remote",
      "_toEntityKey": "artifactory_repository:default-docker-remote",
      "_type": "artifactory_permission_allows_repository",
      "displayName": "ALLOWS",
    },
    Object {
      "_class": "ALLOWS",
      "_fromEntityKey": "artifactory_permission:Any Remote",
      "_key": "artifactory_permission:Any Remote|allows|artifactory_repository:default-maven-remote",
      "_toEntityKey": "artifactory_repository:default-maven-remote",
      "_type": "artifactory_permission_allows_repository",
      "displayName": "ALLOWS",
    },
    Object {
      "_class": "ALLOWS",
      "_fromEntityKey": "artifactory_permission:Any Remote",
      "_key": "artifactory_permission:Any Remote|allows|artifactory_repository:default-npm-remote",
      "_toEntityKey": "artifactory_repository:default-npm-remote",
      "_type": "artifactory_permission_allows_repository",
      "displayName": "ALLOWS",
    },
    Object {
      "_class": "ALLOWS",
      "_fromEntityKey": "artifactory_permission:Any Remote",
      "_key": "artifactory_permission:Any Remote|allows|artifactory_repository:default-docker-virtual",
      "_toEntityKey": "artifactory_repository:default-docker-virtual",
      "_type": "artifactory_permission_allows_repository",
      "displayName": "ALLOWS",
    },
    Object {
      "_class": "ALLOWS",
      "_fromEntityKey": "artifactory_permission:Any Remote",
      "_key": "artifactory_permission:Any Remote|allows|artifactory_repository:default-maven-virtual",
      "_toEntityKey": "artifactory_repository:default-maven-virtual",
      "_type": "artifactory_permission_allows_repository",
      "displayName": "ALLOWS",
    },
    Object {
      "_class": "ALLOWS",
      "_fromEntityKey": "artifactory_permission:Any Remote",
      "_key": "artifactory_permission:Any Remote|allows|artifactory_repository:default-npm-virtual",
      "_toEntityKey": "artifactory_repository:default-npm-virtual",
      "_type": "artifactory_permission_allows_repository",
      "displayName": "ALLOWS",
    },
    Object {
      "_class": "ASSIGNED",
      "_fromEntityKey": "artifactory_permission:Anything",
      "_key": "artifactory_permission:Anything|assigned|artifactory_group:readers",
      "_toEntityKey": "artifactory_group:readers",
      "_type": "artifactory_permission_assigned_group",
      "displayName": "ASSIGNED",
      "permission:build:read": true,
      "permission:repository:read": true,
    },
    Object {
      "_class": "ASSIGNED",
      "_fromEntityKey": "artifactory_permission:Anything",
      "_key": "artifactory_permission:Anything|assigned|artifactory_user:anonymous",
      "_toEntityKey": "artifactory_user:anonymous",
      "_type": "artifactory_permission_assigned_user",
      "displayName": "ASSIGNED",
      "permission:build:read": true,
      "permission:repository:read": true,
    },
    Object {
      "_class": "ALLOWS",
      "_fromEntityKey": "artifactory_permission:Anything",
      "_key": "artifactory_permission:Anything|allows|artifactory_repository:default-docker-local",
      "_toEntityKey": "artifactory_repository:default-docker-local",
      "_type": "artifactory_permission_allows_repository",
      "displayName": "ALLOWS",
    },
    Object {
      "_class": "ALLOWS",
      "_fromEntityKey": "artifactory_permission:Anything",
      "_key": "artifactory_permission:Anything|allows|artifactory_repository:default-generic-local",
      "_toEntityKey": "artifactory_repository:default-generic-local",
      "_type": "artifactory_permission_allows_repository",
      "displayName": "ALLOWS",
    },
    Object {
      "_class": "ALLOWS",
      "_fromEntityKey": "artifactory_permission:Anything",
      "_key": "artifactory_permission:Anything|allows|artifactory_repository:default-maven-local",
      "_toEntityKey": "artifactory_repository:default-maven-local",
      "_type": "artifactory_permission_allows_repository",
      "displayName": "ALLOWS",
    },
    Object {
      "_class": "ALLOWS",
      "_fromEntityKey": "artifactory_permission:Anything",
      "_key": "artifactory_permission:Anything|allows|artifactory_repository:default-npm-local",
      "_toEntityKey": "artifactory_repository:default-npm-local",
      "_type": "artifactory_permission_allows_repository",
      "displayName": "ALLOWS",
    },
    Object {
      "_class": "ALLOWS",
      "_fromEntityKey": "artifactory_permission:Anything",
      "_key": "artifactory_permission:Anything|allows|artifactory_repository:example-repo-local",
      "_toEntityKey": "artifactory_repository:example-repo-local",
      "_type": "artifactory_permission_allows_repository",
      "displayName": "ALLOWS",
    },
    Object {
      "_class": "ALLOWS",
      "_fromEntityKey": "artifactory_permission:Anything",
      "_key": "artifactory_permission:Anything|allows|artifactory_repository:default-docker-remote",
      "_toEntityKey": "artifactory_repository:default-docker-remote",
      "_type": "artifactory_permission_allows_repository",
      "displayName": "ALLOWS",
    },
    Object {
      "_class": "ALLOWS",
      "_fromEntityKey": "artifactory_permission:Anything",
      "_key": "artifactory_permission:Anything|allows|artifactory_repository:default-maven-remote",
      "_toEntityKey": "artifactory_repository:default-maven-remote",
      "_type": "artifactory_permission_allows_repository",
      "displayName": "ALLOWS",
    },
    Object {
      "_class": "ALLOWS",
      "_fromEntityKey": "artifactory_permission:Anything",
      "_key": "artifactory_permission:Anything|allows|artifactory_repository:default-npm-remote",
      "_toEntityKey": "artifactory_repository:default-npm-remote",
      "_type": "artifactory_permission_allows_repository",
      "displayName": "ALLOWS",
    },
    Object {
      "_class": "ALLOWS",
      "_fromEntityKey": "artifactory_permission:Anything",
      "_key": "artifactory_permission:Anything|allows|artifactory_repository:default-docker-virtual",
      "_toEntityKey": "artifactory_repository:default-docker-virtual",
      "_type": "artifactory_permission_allows_repository",
      "displayName": "ALLOWS",
    },
    Object {
      "_class": "ALLOWS",
      "_fromEntityKey": "artifactory_permission:Anything",
      "_key": "artifactory_permission:Anything|allows|artifactory_repository:default-maven-virtual",
      "_toEntityKey": "artifactory_repository:default-maven-virtual",
      "_type": "artifactory_permission_allows_repository",
      "displayName": "ALLOWS",
    },
    Object {
      "_class": "ALLOWS",
      "_fromEntityKey": "artifactory_permission:Anything",
      "_key": "artifactory_permission:Anything|allows|artifactory_repository:default-npm-virtual",
      "_toEntityKey": "artifactory_repository:default-npm-virtual",
      "_type": "artifactory_permission_allows_repository",
      "displayName": "ALLOWS",
    },
    Object {
      "_class": "HAS",
      "_fromEntityKey": "artifactory_account:acmonta2@ncsu.edu",
      "_key": "artifactory_account:acmonta2@ncsu.edu|has|artifactory_repository_group:ANY",
      "_toEntityKey": "artifactory_repository_group:ANY",
      "_type": "artifactory_account_has_repository_group",
      "displayName": "HAS",
    },
    Object {
      "_class": "HAS",
      "_fromEntityKey": "artifactory_account:acmonta2@ncsu.edu",
      "_key": "artifactory_account:acmonta2@ncsu.edu|has|artifactory_repository_group:ANY LOCAL",
      "_toEntityKey": "artifactory_repository_group:ANY LOCAL",
      "_type": "artifactory_account_has_repository_group",
      "displayName": "HAS",
    },
    Object {
      "_class": "HAS",
      "_fromEntityKey": "artifactory_account:acmonta2@ncsu.edu",
      "_key": "artifactory_account:acmonta2@ncsu.edu|has|artifactory_repository_group:ANY REMOTE",
      "_toEntityKey": "artifactory_repository_group:ANY REMOTE",
      "_type": "artifactory_account_has_repository_group",
      "displayName": "HAS",
    },
  ],
  "encounteredTypes": Array [
    "artifactory_account",
    "artifactory_group",
    "artifactory_account_has_group",
    "artifactory_group_has_user",
    "artifactory_user",
    "artifactory_account_has_user",
    "artifactory_access_token",
    "artifactory_account_has_access_token",
    "artifactory_repository",
    "artifactory_account_has_repository",
    "artifactory_permission",
    "artifactory_permission_assigned_user",
    "artifactory_permission_allows_repository",
    "artifactory_permission_assigned_group",
    "artifactory_repository_group",
    "artifactory_account_has_repository_group",
  ],
  "numCollectedEntities": 21,
  "numCollectedRelationships": 44,
}
`;
